package user

import (
	"errors"

	"github.com/asdine/genji/field"
	"github.com/asdine/genji/record"
)

// Field implements the field method of the record.Record interface.
func (u *User) Field(name string) (field.Field, error) {
	switch name {
	case "A":
		return field.Field{
			Name: "A",
			Type: field.String,
			Data: []byte(u.A),
		}, nil
	case "B":
		return field.Field{
			Name: "B",
			Type: field.Int64,
			Data: field.EncodeInt64(u.B),
		}, nil
	case "C":
		return field.Field{
			Name: "C",
			Type: field.String,
			Data: []byte(u.C),
		}, nil
	case "D":
		return field.Field{
			Name: "D",
			Type: field.String,
			Data: []byte(u.D),
		}, nil
	case "E":
		return field.Field{
			Name: "E",
			Type: field.Int64,
			Data: field.EncodeInt64(u.E),
		}, nil
	case "F":
		return field.Field{
			Name: "F",
			Type: field.Int64,
			Data: field.EncodeInt64(u.F),
		}, nil
	case "G":
		return field.Field{
			Name: "G",
			Type: field.Int64,
			Data: field.EncodeInt64(u.G),
		}, nil
	}

	return field.Field{}, errors.New("unknown field")
}

func (u *User) Cursor() record.Cursor {
	return &userCursor{
		User: u,
		i: -1,
	}
}

type userCursor struct {
	User *User
	i int
	err error
}

func (c *userCursor) Next() bool {
	if c.i+2 > 7 {
		return false
	}

	c.i++
	return true
}

func (c *userCursor) Field() field.Field {
	switch c.i {
	case 0:
		f, _ := c.User.Field("A")
		return f
	case 1:
		f, _ := c.User.Field("B")
		return f
	case 2:
		f, _ := c.User.Field("C")
		return f
	case 3:
		f, _ := c.User.Field("D")
		return f
	case 4:
		f, _ := c.User.Field("E")
		return f
	case 5:
		f, _ := c.User.Field("F")
		return f
	case 6:
		f, _ := c.User.Field("G")
		return f
	}

	c.err = errors.New("no more fields")
	return field.Field{}
}

func (c *userCursor) Err() error {
	return c.err
}
